../Core/Src/main.c:82:6:ReceiveFirmawre	144	static
../Core/Src/main.c:127:9:ValidateFirmware	136	static
../Core/Src/main.c:158:6:WriteFirmware	72	static
../Core/Src/main.c:196:6:JumpToApplication	24	static,ignoring_inline_asm
../Core/Src/main.c:219:6:CheckAndJumpIfFirmwareValid	16	static
../Core/Src/main.c:240:5:main	8	static
../Core/Src/main.c:294:6:SystemClock_Config	88	static
../Core/Src/main.c:341:13:MX_CRC_Init	8	static
../Core/Src/main.c:367:13:MX_USART1_UART_Init	8	static
../Core/Src/main.c:400:13:MX_USART2_UART_Init	8	static
../Core/Src/main.c:433:13:MX_GPIO_Init	48	static
../Core/Src/main.c:475:6:Error_Handler	4	static,ignoring_inline_asm
